03-19 20:56:14.426  3724  3995 D ConnectivityService:   checking if request is satisfied: NetworkRequest [ id=4, legacyType=-1, [ Transports: CELLULAR Capabilities: INTERNET&NOT_RESTRICTED&TRUSTED&NOT_VPN] ]
03-19 20:56:14.427  3724  3995 D ConnectivityService:   checking if request is satisfied: NetworkRequest [ id=13, legacyType=-1, [ Transports: CELLULAR Capabilities: IMS&TRUSTED&NOT_VPN] ]
03-19 20:56:14.427  3724  3995 D ConnectivityService: sending new Min Network Score(100): NetworkRequest [ id=1, legacyType=-1, [ Capabilities: INTERNET&NOT_RESTRICTED&TRUSTED&NOT_VPN] ]
03-19 20:56:14.428  3724  3958 D WIFI_P2P: new score 100 for exisiting request NetworkRequest [ id=1, legacyType=-1, [ Capabilities: INTERNET&NOT_RESTRICTED&TRUSTED&NOT_VPN] ]
03-19 20:56:14.428  3724  3958 D WIFI_P2P:   my score=60, my filter=[ Transports: WIFI Capabilities: WIFI_P2P&NOT_RESTRICTED&TRUSTED&NOT_VPN LinkUpBandwidth>=1048576Kbps LinkDnBandwidth>=1048576Kbps]
03-19 20:56:14.428  3724  3958 D WIFI_P2P: evalRequest
03-19 20:56:14.428  3724  3958 D WIFI_P2P:   done
03-19 20:56:14.428  3724  4047 D Ethernet: new score 100 for exisiting request NetworkRequest [ id=1, legacyType=-1, [ Capabilities: INTERNET&NOT_RESTRICTED&TRUSTED&NOT_VPN] ]
03-19 20:56:14.429  3724  4047 D Ethernet:   my score=-1, my filter=[ Transports: ETHERNET Capabilities: INTERNET&NOT_RESTRICTED&TRUSTED&NOT_VPN LinkUpBandwidth>=100000Kbps LinkDnBandwidth>=100000Kbps]
03-19 20:56:14.429  3724  4047 D Ethernet: evalRequest
03-19 20:56:14.429  3724  4047 D Ethernet:   done
03-19 20:56:14.438  4066  4066 D PhoneSwitcherNetworkRequstListener: new score 100 for exisiting request NetworkRequest [ id=1, legacyType=-1, [ Capabilities: INTERNET&NOT_RESTRICTED&TRUSTED&NOT_VPN] ]
03-19 20:56:14.439  4066  4066 D PhoneSwitcherNetworkRequstListener:   my score=101, my filter=[ Transports: CELLULAR Capabilities: MMS&SUPL&DUN&FOTA&IMS&CBS&IA&RCS&XCAP&EIMS&INTERNET&NOT_RESTRICTED&TRUSTED&NOT_VPN&ENT1 Specifier: <*>]
03-19 20:56:14.439  4066  4066 D PhoneSwitcherNetworkRequstListener: evalRequest
03-19 20:56:14.439  4066  4066 D PhoneSwitcherNetworkRequstListener:   done
03-19 20:56:14.440  3724  3962 D WIFI_UT : new score 100 for exisiting request NetworkRequest [ id=1, legacyType=-1, [ Capabilities: INTERNET&NOT_RESTRICTED&TRUSTED&NOT_VPN] ]
03-19 20:56:14.440  3724  3962 D WIFI_UT :   my score=2147483647, my filter=[ Transports: WIFI Capabilities: NOT_METERED&INTERNET&NOT_RESTRICTED&TRUSTED&NOT_VPN LinkUpBandwidth>=1048576Kbps LinkDnBandwidth>=1048576Kbps]
03-19 20:56:14.440  3724  3962 D WIFI_UT : evalRequest
03-19 20:56:14.441  3724  3962 D WIFI_UT :   done
03-19 20:56:14.441  3724  3962 D WIFI    : new score 100 for exisiting request NetworkRequest [ id=1, legacyType=-1, [ Capabilities: INTERNET&NOT_RESTRICTED&TRUSTED&NOT_VPN] ]
03-19 20:56:14.441  3724  3962 D WIFI    :   my score=60, my filter=[ Transports: WIFI Capabilities: NOT_METERED&INTERNET&NOT_RESTRICTED&TRUSTED&NOT_VPN LinkUpBandwidth>=1048576Kbps LinkDnBandwidth>=1048576Kbps]
03-19 20:56:14.441  3724  3962 D WIFI    : evalRequest
03-19 20:56:14.441  3724  3962 D WIFI    :   done
03-19 20:56:14.457  4091  4091 V hong    : mid yDiff = 438
03-19 20:56:14.457  4091  4091 V hong    : mid yDiff = 438
03-19 20:56:15.266  3311  3806 E NetlinkEvent: NetlinkEvent::FindParam(): Parameter 'LABEL' not found
03-19 20:56:15.356  3724  5410 D GameManagerService: identifyGamePackage. com.kaist.iclab
03-19 20:56:15.562  3311  3807 D Netd    : Iface wlan0 link up
03-19 20:56:15.563  3311  3807 D Netd    : Iface wlan0 link up
03-19 20:56:15.563  3311  3807 D Netd    : Iface wlan0 link up
03-19 20:56:15.563  3311  3807 D Netd    : Iface wlan0 link up
03-19 20:56:15.566  3724  3831 D Tethering: interfaceLinkStateChanged wlan0, true
03-19 20:56:15.567  3724  3831 D Tethering: interfaceStatusChanged wlan0, true
03-19 20:56:15.568  3724  3831 D MptcpService-SKT: interfaceLinkStateChanged wlan0, true
03-19 20:56:15.569  3724  3831 D Tethering: interfaceLinkStateChanged wlan0, true
03-19 20:56:15.569  3724  3831 D Tethering: interfaceStatusChanged wlan0, true
03-19 20:56:15.570  3724  3831 D MptcpService-SKT: interfaceLinkStateChanged wlan0, true
03-19 20:56:15.570  4298  4298 I wpa_supplicant: wlan0: RSN: proactive_key_caching(1), okc(1) 
03-19 20:56:15.571  4298  4298 I wpa_supplicant: nl80211: Received scan results (1 BSSes)
03-19 20:56:15.571  4298  4298 I wpa_supplicant: Associated with D8.15.20
03-19 20:56:15.574  4298  4298 I wpa_supplicant: wlan0: CTRL-EVENT-SUBNET-STATUS-UPDATE status=0
03-19 20:56:15.574  3724  3831 D Tethering: interfaceLinkStateChanged wlan0, true
03-19 20:56:15.574  3724  3831 D Tethering: interfaceStatusChanged wlan0, true
03-19 20:56:15.576  3724  3962 D WifiStateMachine: NOT update Last BSSID
03-19 20:56:15.577  3724  3831 D MptcpService-SKT: interfaceLinkStateChanged wlan0, true
03-19 20:56:15.577  3724  3962 D SecContentProvider2: query(), uri = 20 selection = getPromptCredentialsEnabled
03-19 20:56:15.578  3724  3831 D Tethering: interfaceLinkStateChanged wlan0, true
03-19 20:56:15.578  3724  3831 D Tethering: interfaceStatusChanged wlan0, true
03-19 20:56:15.579  3724  3831 D MptcpService-SKT: interfaceLinkStateChanged wlan0, true
03-19 20:56:15.587  3724  3962 D SecContentProvider2: query(), uri = 20 selection = getPromptCredentialsEnabled
03-19 20:56:15.612  4298  4298 I wpa_supplicant: WPA: Key negotiation completed with D8.15.20 [PTK=CCMP GTK=CCMP]
03-19 20:56:15.612  4298  4298 I wpa_supplicant: connected! : anqp_for_default_ap = 0
03-19 20:56:15.612  4298  4298 I wpa_supplicant: CTRL-EVENT-CONNECTED - Connection to D8.15.20 completed [id=2 id_str=%7B%22creatorUid%22%3A%221000%22%2C%22configKey%22%3A%22%5C%22Welcome_KAIST%5C%22WPA_EAP%22%7D]
03-19 20:56:15.612  3311  3807 D Netd    : Iface wlan0 link up
03-19 20:56:15.615  3724  3831 D Tethering: interfaceLinkStateChanged wlan0, true
03-19 20:56:15.615  3724  3831 D Tethering: interfaceStatusChanged wlan0, true
03-19 20:56:15.616  3724  3831 D MptcpService-SKT: interfaceLinkStateChanged wlan0, true
03-19 20:56:15.619  3724  3962 D WifiNative-wlan0: callSECApiVoid - ID [50]
03-19 20:56:15.620  3724  3962 D WifiStateMachine: getDhcpRenewAfterRoamingMode
03-19 20:56:15.621  3724  3962 D WifiStateMachine: mDhcpRenewAfterRoamingMode : 0
03-19 20:56:15.621  3724  3962 D WifiHAL : Getting APF capabilities, halHandle = 0x7b63160be0
03-19 20:56:15.621  3724  3962 I WifiHAL : 
03-19 20:56:15.621  3724  3962 I WifiHAL : createRequest: APF get capabilities request
03-19 20:56:15.623  3724  3962 D WifiHAL : In SetAPFCommand::handleResponse
03-19 20:56:15.623  3724  3962 D WifiHAL : Id = 0, subcmd = 0, len = 16
03-19 20:56:15.623  3724  3962 D WifiHAL : Response recieved for get packet filter capabilities command
03-19 20:56:15.623  3724  3962 I WifiHAL : APF version is 2
03-19 20:56:15.623  3724  3962 I WifiHAL : APF max len is 1897
03-19 20:56:15.623  3724  3962 I WifiHAL : Done!
03-19 20:56:15.623  3724  3962 D WifiHAL : Getting APF capability, version = 2, max_len = 1897
03-19 20:56:15.623  3724  3962 D wifi    : APF version supported: 2
03-19 20:56:15.623  3724  3962 D wifi    : Maximum APF program size: 1897
03-19 20:56:15.626  3724  4042 D WifiWatchdogStateMachine.QualityResultHandler_0: [EVENT_NETWORK_PROPERTIES_CHANGED] 2
03-19 20:56:15.630  3724  3962 D SecContentProvider2: query(), uri = 20 selection = getPromptCredentialsEnabled
03-19 20:56:15.631  3724  3967 D SamsungAlarmManager: setExact Listener (T:2/F:9/AC:false) 20180319T205620 - CU:1000/CP:3724
03-19 20:56:15.632  3724  3967 I SamsungAlarmManager: setLocked to kernel - T:2 / 20180319T205620, SetElapsed=112370942, nowELAPSED=112365945
03-19 20:56:15.640  4780  4878 D ContactsProvider_EventLog: contents_sample_state: [ contacts(0) data(0) accounts({}) accounts deleted({}) calls([]) countryIso(KR) userId(0)  ]
03-19 20:56:15.640  4780  4878 D ContactsProvider_EventLog: contents_sample_state: [ agr({})  ]
03-19 20:56:15.640  4780  4878 D ContactsProvider_EventLog: contents_sample_state: [ actCnt({android.process.acore=1})  ]
03-19 20:56:15.643  4780  4878 E ContactsProvider_EventLog: Flush buffer to file cnt : 1 size : 0Kb duration : 2ms lastUpdatedAfter : 60090 ms mFlush_time_threasold : 2000 mCurrentSize : 257
03-19 20:56:15.719  4298  4298 I wpa_supplicant: Interworking: Fetch ANQP after connect
03-19 20:56:15.743  3724  3958 D WifiP2pService: InactiveState{ what=143375 }
03-19 20:56:15.743  3724  3962 D SecContentProvider2: query(), uri = 20 selection = getPromptCredentialsEnabled
03-19 20:56:15.743  3724  3958 D WifiP2pService: P2pEnabledState{ what=143375 }
03-19 20:56:15.749  3311  3806 E NetlinkEvent: NetlinkEvent::FindParam(): Parameter 'LABEL' not found
03-19 20:56:15.758  3724   316 D SamsungAlarmManager: setExact Listener (T:2/F:9/AC:false) 20180319T205617 - CU:1000/CP:3724
03-19 20:56:15.759  3724   316 I SamsungAlarmManager: setLocked to kernel - T:2 / 20180319T205617, SetElapsed=112367918, nowELAPSED=112366072
03-19 20:56:15.907  3724  5410 D GameManagerService: identifyGamePackage. com.kaist.iclab
03-19 20:56:17.054  4506  4506 D io_stats: !@   8,0 r 91069 6601880 w 312192 5665280 d 22128 26244048 f 141634 141632 iot 226580 174183 th 459680 0 0 pt 0 inp 0 0 108349.467
03-19 20:56:17.191  3724  3896 D SamsungAlarmManager: Expired : 8
03-19 20:56:17.192  3724  3896 V SamsungAlarmManager: Sending to uid : 10013 action=com.google.android.gms.auth.authzen.cryptauth.DEVICE_STATE_CHECK_DELAY_COMPLETE alarm=Alarm{1d419ca type 3 when 112367504 com.google.android.gms}
03-19 20:56:17.218  3724  6376 D LockSettingsStorage: mSKTLockState = 2
03-19 20:56:17.227 14220  2617 I Authzen : [DeviceStateSyncManager] The server is in sync with current state. Nothing to do
03-19 20:56:17.422  3724  3962 D WifiStateMachine: Current network is: "Welcome_KAIST" , ID is: 2
03-19 20:56:17.422  3724  3962 D WifiStateMachine: enterprise network, bail out...
03-19 20:56:17.605  3724  3896 D SamsungAlarmManager: Expired : 4
03-19 20:56:17.605  3724  3896 I SamsungAlarmManager: setLocked to kernel - T:2 / 20180319T205620, SetElapsed=112370942, nowELAPSED=112367918
03-19 20:56:17.606  3724  3896 V SamsungAlarmManager: Sending to uid : 1000 listener=android.app.AlarmManager$ListenerWrapper@7cc4135 alarm=Alarm{1322e58 type 2 when 112367918 android}
03-19 20:56:17.614  3724   316 D SamsungAlarmManager: setExact Listener (T:2/F:9/AC:false) 20180319T205621 - CU:1000/CP:3724
03-19 20:56:17.623  3724   316 D DhcpClient: Renewed lease: IP address 143.248.162.17/24 Gateway 143.248.162.1  DNS servers: [ 143.248.1.177 143.248.2.177 8.8.8.8 ] Domains kaist.ac.kr DHCP server /143.248.117.100 Vendor info null lease 1800 seconds
03-19 20:56:17.623  3724   316 D SamsungAlarmManager: Cancel Alarm calling from uid:1000 pid :3724 / listener:android.app.AlarmManager$ListenerWrapper@c8cbbb1
03-19 20:56:17.623  3724  3967 D SamsungAlarmManager: Cancel Alarm calling from uid:1000 pid :3724 / listener:android.app.AlarmManager$ListenerWrapper@536076c
03-19 20:56:17.626  3724  3967 I SamsungAlarmManager: setLocked to kernel - T:2 / 20180319T205951, SetElapsed=112581996, nowELAPSED=112367940
03-19 20:56:17.627  3724  3967 I SamsungAlarmManager: setLocked to kernel - T:3 / 20180319T205700, SetElapsed=112410313, nowELAPSED=112367940
03-19 20:56:17.632  3724  3958 D WifiP2pService: InactiveState{ what=143375 }
03-19 20:56:17.632  3724  3958 D WifiP2pService: P2pEnabledState{ what=143375 }
03-19 20:56:17.636  3724   316 I SamsungAlarmManager: setLocked to kernel - T:2 / 20180319T211142, SetElapsed=113292991, nowELAPSED=112367949
03-19 20:56:17.637  3724   316 D SamsungAlarmManager: setExact Listener (T:2/F:9/AC:false) 20180319T211041 - CU:1000/CP:3724
03-19 20:56:17.637  3724   316 I SamsungAlarmManager: setLocked to kernel - T:2 / 20180319T211041, SetElapsed=113231939, nowELAPSED=112367950
03-19 20:56:17.639  3724  3962 E WifiStateMachine: result: 0, Moved BSSID: d8:c7:c8:df:15:20
03-19 20:56:17.639  3724  3962 W WifiNetworkLists: findNetwork(d8:c7:c8:df:15:20) == true
03-19 20:56:17.640  3724  3995 D ConnectivityService: updateCapabilities: oldCap = [ Transports: WIFI Capabilities: NOT_METERED&INTERNET&NOT_RESTRICTED&TRUSTED&NOT_VPN&VALIDATED LinkUpBandwidth>=1048576Kbps LinkDnBandwidth>=1048576Kbps SignalStrength: -75], newCap = [ Transports: WIFI Capabilities: NOT_METERED&INTERNET&NOT_RESTRICTED&TRUSTED&NOT_VPN LinkUpBandwidth>=1048576Kbps LinkDnBandwidth>=1048576Kbps SignalStrength: -78]
03-19 20:56:17.641  3724  3995 D ConnectivityService: rematching NetworkAgentInfo [WIFI () - 507]
03-19 20:56:17.641  3724   316 D SamsungAlarmManager: setExact Listener (T:2/F:9/AC:false) 20180319T212232 - CU:1000/CP:3724
03-19 20:56:17.641  3724  3995 D ConnectivityService:  network has: [ Transports: WIFI Capabilities: NOT_METERED&INTERNET&NOT_RESTRICTED&TRUSTED&NOT_VPN&VALIDATED LinkUpBandwidth>=1048576Kbps LinkDnBandwidth>=1048576Kbps SignalStrength: -78]
03-19 20:56:17.641  3724  3995 D ConnectivityService:   checking if request is satisfied: NetworkRequest [ id=6, legacyType=-1, [ Transports: CELLULAR|WIFI Capabilities: NOT_RESTRICTED&TRUSTED&NOT_VPN] ]
03-19 20:56:17.641  3724  3995 D ConnectivityService:   checking if request is satisfied: NetworkRequest [ id=8, legacyType=-1, [] ]
03-19 20:56:17.641  3724  3995 D ConnectivityService:   checking if request is satisfied: NetworkRequest [ id=10, legacyType=-1, [ Transports: WIFI Capabilities: INTERNET&NOT_RESTRICTED&TRUSTED&NOT_VPN] ]
03-19 20:56:17.641  3724  3995 D ConnectivityService:   checking if request is satisfied: NetworkRequest [ id=77, legacyType=-1, [ Capabilities: INTERNET&NOT_RESTRICTED&TRUSTED] ]
03-19 20:56:17.641  3724  3995 D ConnectivityService:   checking if request is satisfied: NetworkRequest [ id=36, legacyType=-1, [ Capabilities: INTERNET&NOT_RESTRICTED&TRUSTED] ]
03-19 20:56:17.641  3724  3995 D ConnectivityService:   checking if request is satisfied: NetworkRequest [ id=66, legacyType=-1, [ Transports: CELLULAR Capabilities: IMS&TRUSTED&NOT_VPN] ]
03-19 20:56:17.641  3724  3995 D ConnectivityService:   checking if request is satisfied: NetworkRequest [ id=5, legacyType=-1, [ Transports: WIFI Capabilities: INTERNET&NOT_RESTRICTED&TRUSTED&NOT_VPN] ]
03-19 20:56:17.642  3724  3995 D ConnectivityService:   checking if request is satisfied: NetworkRequest [ id=9, legacyType=-1, [ Transports: WIFI Capabilities: INTERNET&NOT_RESTRICTED&TRUSTED&NOT_VPN] ]
03-19 20:56:17.642  3724  3995 D ConnectivityService: Network NetworkAgentInfo [WIFI () - 507] was already satisfying request 1. No change.
03-19 20:56:17.642  3724  3995 D ConnectivityService:   checking if request is satisfied: NetworkRequest [ id=7, legacyType=-1, [ Transports: WIFI Capabilities: INTERNET&NOT_RESTRICTED&TRUSTED&NOT_VPN] ]
03-19 20:56:17.642  3724  3995 D ConnectivityService:   checking if request is satisfied: NetworkRequest [ id=3, legacyType=-1, [] ]
03-19 20:56:17.642  3724  3995 D ConnectivityService:   checking if request is satisfied: NetworkRequest [ id=4, legacyType=-1, [ Transports: CELLULAR Capabilities: INTERNET&NOT_RESTRICTED&TRUSTED&NOT_VPN] ]
03-19 20:56:17.642  3724  3995 D ConnectivityService:   checking if request is satisfied: NetworkRequest [ id=13, legacyType=-1, [ Transports: CELLULAR Capabilities: IMS&TRUSTED&NOT_VPN] ]
03-19 20:56:17.642  3724  3995 D ConnectivityService: notifyType CAP_CHANGED for NetworkAgentInfo [WIFI () - 507]
03-19 20:56:17.642  3724  3995 D ConnectivityService:  sending notification for NetworkRequest [ id=1, legacyType=-1, [ Capabilities: INTERNET&NOT_RESTRICTED&TRUSTED&NOT_VPN] ]
03-19 20:56:17.642  3724  3995 D ConnectivityService:  sending notification for NetworkRequest [ id=3, legacyType=-1, [] ]
03-19 20:56:17.642  3724  3995 D ConnectivityService: sending notification CAP_CHANGED for NetworkRequest [ id=3, legacyType=-1, [] ]
03-19 20:56:17.643  3724  3995 D ConnectivityService:  sending notification for NetworkRequest [ id=5, legacyType=-1, [ Transports: WIFI Capabilities: INTERNET&NOT_RESTRICTED&TRUSTED&NOT_VPN] ]
03-19 20:56:17.643  3724  3995 D ConnectivityService: sending notification CAP_CHANGED for NetworkRequest [ id=5, legacyType=-1, [ Transports: WIFI Capabilities: INTERNET&NOT_RESTRICTED&TRUSTED&NOT_VPN] ]
03-19 20:56:17.643  3724  3995 D ConnectivityService:  sending notification for NetworkRequest [ id=6, legacyType=-1, [ Transports: CELLULAR|WIFI Capabilities: NOT_RESTRICTED&TRUSTED&NOT_VPN] ]
03-19 20:56:17.643  3724  3995 D ConnectivityService: sending notification CAP_CHANGED for NetworkRequest [ id=6, legacyType=-1, [ Transports: CELLULAR|WIFI Capabilities: NOT_RESTRICTED&TRUSTED&NOT_VPN] ]
03-19 20:56:17.644  3724  3995 D ConnectivityService:  sending notification for NetworkRequest [ id=7, legacyType=-1, [ Transports: WIFI Capabilities: INTERNET&NOT_RESTRICTED&TRUSTED&NOT_VPN] ]
03-19 20:56:17.644  3724  3995 D ConnectivityService: sending notification CAP_CHANGED for NetworkRequest [ id=7, legacyType=-1, [ Transports: WIFI Capabilities: INTERNET&NOT_RESTRICTED&TRUSTED&NOT_VPN] ]
03-19 20:56:17.644  3724  3995 D ConnectivityService:  sending notification for NetworkRequest [ id=8, legacyType=-1, [] ]
03-19 20:56:17.644  3724  3995 D ConnectivityService: sending notification CAP_CHANGED for NetworkRequest [ id=8, legacyType=-1, [] ]
03-19 20:56:17.645  3724  3995 D ConnectivityService:  sending notification for NetworkRequest [ id=9, legacyType=-1, [ Transports: WIFI Capabilities: INTERNET&NOT_RESTRICTED&TRUSTED&NOT_VPN] ]
03-19 20:56:17.645  3724  3995 D ConnectivityService: sending notification CAP_CHANGED for NetworkRequest [ id=9, legacyType=-1, [ Transports: WIFI Capabilities: INTERNET&NOT_RESTRICTED&TRUSTED&NOT_VPN] ]
03-19 20:56:17.647  3724  4039 D WifiWatchdogStateMachine: updateDnsLinkProperty: enter
03-19 20:56:17.647  3724  3995 D ConnectivityService:  sending notification for NetworkRequest [ id=10, legacyType=-1, [ Transports: WIFI Capabilities: INTERNET&NOT_RESTRICTED&TRUSTED&NOT_VPN] ]
03-19 20:56:17.647  3724  3995 D ConnectivityService: sending notification CAP_CHANGED for NetworkRequest [ id=10, legacyType=-1, [ Transports: WIFI Capabilities: INTERNET&NOT_RESTRICTED&TRUSTED&NOT_VPN] ]
03-19 20:56:17.648  3724  3995 D ConnectivityService:  sending notification for NetworkRequest [ id=36, legacyType=-1, [ Capabilities: INTERNET&NOT_RESTRICTED&TRUSTED] ]
03-19 20:56:17.648  3724  4039 D WifiWatchdogStateMachine.DnsResolver: setCurrentLinkProperties: lp={InterfaceName: wlan0 LinkAddresses: [fe80::9676:b7ff:fe95:3c05/64,143.248.162.17/24,]  Routes: [fe80::/64 -> :: wlan0,143.248.162.0/24 -> 0.0.0.0 wlan0,0.0.0.0/0 -> 143.248.162.1 wlan0,] DnsAddresses: [143.248.1.177,143.248.2.177,8.8.8.8,] Domains: kaist.ac.kr MTU: 0 TcpBufferSizes: 524288,1048576,4525824,524288,1048576,4525824}
03-19 20:56:17.648  3724  3995 D ConnectivityService: sending notification CAP_CHANGED for NetworkRequest [ id=36, legacyType=-1, [ Capabilities: INTERNET&NOT_RESTRICTED&TRUSTED] ]
03-19 20:56:17.648  3724  3995 D ConnectivityService:  sending notification for NetworkRequest [ id=77, legacyType=-1, [ Capabilities: INTERNET&NOT_RESTRICTED&TRUSTED] ]
03-19 20:56:17.648  3724  3995 D ConnectivityService: sending notification CAP_CHANGED for NetworkRequest [ id=77, legacyType=-1, [ Capabilities: INTERNET&NOT_RESTRICTED&TRUSTED] ]
03-19 20:56:17.649  3724  4039 D WifiWatchdogStateMachine.SingDnsChecker: setCurrentLinkProperties: lp={InterfaceName: wlan0 LinkAddresses: [fe80::9676:b7ff:fe95:3c05/64,143.248.162.17/24,]  Routes: [fe80::/64 -> :: wlan0,143.248.162.0/24 -> 0.0.0.0 wlan0,0.0.0.0/0 -> 143.248.162.1 wlan0,] DnsAddresses: [143.248.1.177,143.248.2.177,8.8.8.8,] Domains: kaist.ac.kr MTU: 0 TcpBufferSizes: 524288,1048576,4525824,524288,1048576,4525824}
03-19 20:56:17.649  3724  4039 D WifiWatchdogStateMachine.CaptivePortalDnsResolver: setCurrentLinkProperties: lp={InterfaceName: wlan0 LinkAddresses: [fe80::9676:b7ff:fe95:3c05/64,143.248.162.17/24,]  Routes: [fe80::/64 -> :: wlan0,143.248.162.0/24 -> 0.0.0.0 wlan0,0.0.0.0/0 -> 143.248.162.1 wlan0,] DnsAddresses: [143.248.1.177,143.248.2.177,8.8.8.8,] Domains: kaist.ac.kr MTU: 0 TcpBufferSizes: 524288,1048576,4525824,524288,1048576,4525824}
03-19 20:56:17.650  3724  3995 D ConnectivityService: Update of LinkProperties for NetworkAgentInfo [WIFI () - 507]; created=true; everConnected=true
03-19 20:56:17.651  3724  3995 D ConnectivityService: updateLinkProperties: newLp = {InterfaceName: wlan0 LinkAddresses: [fe80::9676:b7ff:fe95:3c05/64,143.248.162.17/24,]  Routes: [fe80::/64 -> :: wlan0,143.248.162.0/24 -> 0.0.0.0 wlan0,0.0.0.0/0 -> 143.248.162.1 wlan0,] DnsAddresses: [143.248.1.177,143.248.2.177,8.8.8.8,] Domains: kaist.ac.kr MTU: 0 TcpBufferSizes: 524288,1048576,4525824,524288,1048576,4525824}, oldLp = {InterfaceName: wlan0 LinkAddresses: [fe80::9676:b7ff:fe95:3c05/64,143.248.162.17/24,]  Routes: [fe80::/64 -> :: wlan0,143.248.162.0/24 -> 0.0.0.0 wlan0,0.0.0.0/0 -> 143.248.162.1 wlan0,] DnsAddresses: [143.248.1.177,143.248.2.177,8.8.8.8,] Domains: kaist.ac.kr MTU: 0 TcpBufferSizes: 524288,1048576,4525824,524288,1048576,4525824}
03-19 20:56:17.651  3724  3995 D ConnectivityService: identical MTU - not setting
03-19 20:56:17.651  3724  3995 I Nat464Xlat: Stopping clatd
03-19 20:56:17.653  3311  3815 E ClatdController: clatd already stopped
03-19 20:56:17.654  3724   316 D SamsungAlarmManager: setExact Listener (T:2/F:9/AC:false) 20180319T212617 - CU:1000/CP:3724
03-19 20:56:17.654  3724   316 D DhcpClient: Scheduling renewal in 863s
03-19 20:56:17.654  3724   316 D DhcpClient: Scheduling rebind in 1574s
03-19 20:56:17.654  3724   316 D DhcpClient: Scheduling expiry in 1799s
03-19 20:56:17.655  3724  3995 E Nat464Xlat: Error stopping clatd: java.lang.IllegalStateException: command '539 clatd stop wlan0' failed with '400 539 Clatd operation failed'
03-19 20:56:17.655  3724  3995 D ConnectivityService: Not required to send intent.
03-19 20:56:18.299  1495  1550 I ReschedulableTimer: [#CMH#] ReschedulableTimer started 
03-19 20:56:20.443  3724  3962 D WifiStateMachine: Current network is: "Welcome_KAIST" , ID is: 2
03-19 20:56:20.443  3724  3962 D WifiStateMachine: enterprise network, bail out...
03-19 20:56:22.057  4506  4506 D io_stats: !@   8,0 r 91069 6601880 w 312212 5665436 d 22129 26244052 f 141635 141633 iot 226580 174187 th 459644 0 0 pt 0 inp 0 0 108354.470
03-19 20:56:22.308  3724  5410 D SSRM:t  : SIOP:: AP = 320, PST = 316 (W:6), CP = 270, CUR = -9, LCD = 101
03-19 20:56:22.320  3724  5410 D MultiWindowManagerService: turn on MW[#0], Requester : SSRM
03-19 20:56:22.320  3724  3724 D MultiWindowSettingsObserver: sendMultiWindowSettings(u0)
03-19 20:56:22.320  3724  3724 D MultiWindowSettingsObserver: populateAllSettings(u0)
03-19 20:56:22.320  3724  3724 D MultiWindowSettingsObserver: populateSettings(u0)
03-19 20:56:22.320  3724  3724 D MultiWindowSettingsObserver: populateSettings(u0)
03-19 20:56:22.320  3724  3724 D MultiWindowSettingsObserver: populateSettings(u0)
03-19 20:56:22.320  3724  3724 D MultiWindowSettingsObserver: populateSettings(u0)
03-19 20:56:22.320  3724  3724 D MultiWindowSettingsObserver: populateSettings(u0)
03-19 20:56:22.320  3724  3724 D MultiWindowSettingsObserver: populateSettings(u0)
03-19 20:56:22.320  3724  3724 D MultiWindowSettingsObserver: do nothing
